fake-stratux-stress on :18080 rate=270msg/s targets=75 duration=3600s
sent log → tools/fake-sent-2026-05-01T20-16-28.csv
[2.0s] traffic client #1 connected (total=1)
[2.0s] sit client #2 connected
[30.0s] sent traffic=8991 sit=279 clients t=1 s=1
[60.0s] sent traffic=18666 sit=579 clients t=1 s=1
[90.0s] sent traffic=28354 sit=879 clients t=1 s=1
[120.0s] sent traffic=37956 sit=1178 clients t=1 s=1
[150.0s] sent traffic=47662 sit=1478 clients t=1 s=1
[180.0s] sent traffic=57331 sit=1778 clients t=1 s=1
[210.0s] sent traffic=66985 sit=2078 clients t=1 s=1
[240.0s] sent traffic=76613 sit=2377 clients t=1 s=1
[270.0s] sent traffic=85965 sit=2677 clients t=1 s=1
[300.0s] sent traffic=95476 sit=2976 clients t=1 s=1
[330.0s] sent traffic=105007 sit=3276 clients t=1 s=1
[360.0s] sent traffic=114381 sit=3576 clients t=1 s=1
[390.0s] sent traffic=123918 sit=3875 clients t=1 s=1
[420.0s] sent traffic=133362 sit=4175 clients t=1 s=1
[450.0s] sent traffic=142817 sit=4475 clients t=1 s=1
[480.0s] sent traffic=152438 sit=4774 clients t=1 s=1
[510.0s] sent traffic=161806 sit=5074 clients t=1 s=1
[540.0s] sent traffic=171289 sit=5374 clients t=1 s=1
[570.0s] sent traffic=180659 sit=5673 clients t=1 s=1
[600.0s] sent traffic=189890 sit=5973 clients t=1 s=1
[630.0s] sent traffic=199286 sit=6273 clients t=1 s=1
[660.0s] sent traffic=208492 sit=6572 clients t=1 s=1
[690.0s] sent traffic=217780 sit=6872 clients t=1 s=1
[720.0s] sent traffic=227210 sit=7171 clients t=1 s=1
[750.0s] sent traffic=236301 sit=7471 clients t=1 s=1
[780.0s] sent traffic=245623 sit=7770 clients t=1 s=1
[810.0s] sent traffic=254863 sit=8070 clients t=1 s=1
[840.0s] sent traffic=264032 sit=8369 clients t=1 s=1
[870.0s] sent traffic=273347 sit=8669 clients t=1 s=1
[900.0s] sent traffic=282402 sit=8968 clients t=1 s=1
[930.0s] sent traffic=291644 sit=9268 clients t=1 s=1
[960.0s] sent traffic=300977 sit=9567 clients t=1 s=1
[990.0s] sent traffic=310144 sit=9867 clients t=1 s=1
[1020.0s] sent traffic=319468 sit=10166 clients t=1 s=1
[1050.0s] sent traffic=328653 sit=10466 clients t=1 s=1
[1080.0s] sent traffic=337793 sit=10765 clients t=1 s=1
[1110.0s] sent traffic=347155 sit=11065 clients t=1 s=1
[1140.0s] sent traffic=356186 sit=11364 clients t=1 s=1
[1170.0s] sent traffic=365120 sit=11663 clients t=1 s=1
[1200.0s] sent traffic=374173 sit=11963 clients t=1 s=1
[1230.0s] sent traffic=383029 sit=12262 clients t=1 s=1
[1260.0s] sent traffic=392045 sit=12561 clients t=1 s=1
[1290.0s] sent traffic=400898 sit=12861 clients t=1 s=1
[1320.0s] sent traffic=409807 sit=13160 clients t=1 s=1
[1350.0s] sent traffic=418918 sit=13459 clients t=1 s=1
[1380.0s] sent traffic=427690 sit=13758 clients t=1 s=1
[1410.0s] sent traffic=436639 sit=14058 clients t=1 s=1
[1440.0s] sent traffic=445610 sit=14357 clients t=1 s=1
[1470.0s] sent traffic=454374 sit=14656 clients t=1 s=1
[1500.0s] sent traffic=463422 sit=14955 clients t=1 s=1
[1530.0s] sent traffic=472193 sit=15254 clients t=1 s=1
[1560.0s] sent traffic=481091 sit=15554 clients t=1 s=1
[1590.0s] sent traffic=490086 sit=15853 clients t=1 s=1
[1620.0s] sent traffic=498816 sit=16152 clients t=1 s=1
[1650.0s] sent traffic=507775 sit=16451 clients t=1 s=1
[1680.0s] sent traffic=516633 sit=16750 clients t=1 s=1
[1710.0s] sent traffic=525471 sit=17049 clients t=1 s=1
[1740.0s] sent traffic=534604 sit=17349 clients t=1 s=1
[1770.0s] sent traffic=543283 sit=17648 clients t=1 s=1
[1800.0s] sent traffic=552305 sit=17947 clients t=1 s=1
[1830.0s] sent traffic=561630 sit=18246 clients t=1 s=1
[1860.0s] sent traffic=570790 sit=18546 clients t=1 s=1
[1890.0s] sent traffic=580062 sit=18845 clients t=1 s=1
[1920.0s] sent traffic=589408 sit=19145 clients t=1 s=1
[1950.0s] sent traffic=598775 sit=19444 clients t=1 s=1
[1980.0s] sent traffic=607986 sit=19744 clients t=1 s=1
[2010.0s] sent traffic=616712 sit=20043 clients t=1 s=1
[2040.0s] sent traffic=625650 sit=20342 clients t=1 s=1
[2070.0s] sent traffic=634530 sit=20641 clients t=1 s=1
[2100.0s] sent traffic=643720 sit=20941 clients t=1 s=1
[2130.0s] sent traffic=653136 sit=21240 clients t=1 s=1
[2160.0s] sent traffic=662169 sit=21540 clients t=1 s=1
[2190.0s] sent traffic=671383 sit=21839 clients t=1 s=1
[2220.0s] sent traffic=680695 sit=22139 clients t=1 s=1
[2250.0s] sent traffic=689630 sit=22438 clients t=1 s=1
[2280.0s] sent traffic=698631 sit=22737 clients t=1 s=1
[2310.0s] sent traffic=707480 sit=23036 clients t=1 s=1
[2340.0s] sent traffic=716366 sit=23336 clients t=1 s=1
[2370.0s] sent traffic=725354 sit=23635 clients t=1 s=1
[2400.0s] sent traffic=734071 sit=23934 clients t=1 s=1
[2430.0s] sent traffic=743003 sit=24233 clients t=1 s=1
[2460.0s] sent traffic=751899 sit=24532 clients t=1 s=1
[2490.0s] sent traffic=760706 sit=24831 clients t=1 s=1
[2520.0s] sent traffic=769775 sit=25131 clients t=1 s=1
[2550.0s] sent traffic=778460 sit=25430 clients t=1 s=1
[2580.0s] sent traffic=787354 sit=25729 clients t=1 s=1
[2610.0s] sent traffic=796331 sit=26028 clients t=1 s=1
[2640.0s] sent traffic=805302 sit=26327 clients t=1 s=1
[2670.0s] sent traffic=814751 sit=26627 clients t=1 s=1
[2700.0s] sent traffic=823842 sit=26926 clients t=1 s=1
[2730.0s] sent traffic=833061 sit=27226 clients t=1 s=1
[2760.0s] sent traffic=842339 sit=27525 clients t=1 s=1
[2790.0s] sent traffic=851121 sit=27824 clients t=1 s=1
[2820.0s] sent traffic=860092 sit=28123 clients t=1 s=1
[2850.0s] sent traffic=868972 sit=28422 clients t=1 s=1
[2880.0s] sent traffic=877912 sit=28722 clients t=1 s=1
[2910.0s] sent traffic=887277 sit=29021 clients t=1 s=1
[2940.0s] sent traffic=896290 sit=29321 clients t=1 s=1
[2970.0s] sent traffic=905217 sit=29620 clients t=1 s=1
[3000.0s] sent traffic=914172 sit=29919 clients t=1 s=1
[3030.0s] sent traffic=923073 sit=30218 clients t=1 s=1
[3060.0s] sent traffic=932386 sit=30518 clients t=1 s=1
[3090.0s] sent traffic=941204 sit=30817 clients t=1 s=1
[3120.0s] sent traffic=950352 sit=31116 clients t=1 s=1
[3150.0s] sent traffic=959626 sit=31416 clients t=1 s=1
[3180.0s] sent traffic=968745 sit=31715 clients t=1 s=1
[3210.0s] sent traffic=977859 sit=32014 clients t=1 s=1
[3240.0s] sent traffic=986836 sit=32313 clients t=1 s=1
[3270.0s] sent traffic=995907 sit=32613 clients t=1 s=1
[3300.0s] sent traffic=1005048 sit=32912 clients t=1 s=1
[3330.0s] sent traffic=1013726 sit=33211 clients t=1 s=1
[3360.0s] sent traffic=1022651 sit=33510 clients t=1 s=1
[3390.0s] sent traffic=1031521 sit=33809 clients t=1 s=1
[3420.0s] sent traffic=1040343 sit=34109 clients t=1 s=1
[3450.0s] sent traffic=1049416 sit=34408 clients t=1 s=1
[3480.0s] sent traffic=1058132 sit=34707 clients t=1 s=1
[3510.0s] sent traffic=1067017 sit=35007 clients t=1 s=1
[3540.0s] sent traffic=1075950 sit=35306 clients t=1 s=1
[3570.0s] sent traffic=1084674 sit=35605 clients t=1 s=1
[3600.0s] shutdown — total sent: traffic=1093674 sit=35904
[3600.0s] traffic client #1 closed code=1005 reason=""
